// Jest Snapshot v1, https://goo.gl/fbAQLP

exports[`Home Snapshot Test renders correctly with all props given 1`] = `"ProductHome"`;
